src/pages/CallingList.tsx(711,16): error TS2304: Cannot find name 'Grid'.
src/pages/CallingList.tsx(712,18): error TS2304: Cannot find name 'Grid'.
src/pages/CallingList.tsx(715,19): error TS2304: Cannot find name 'Grid'.
src/pages/CallingList.tsx(716,18): error TS2304: Cannot find name 'Grid'.
src/pages/CallingList.tsx(719,19): error TS2304: Cannot find name 'Grid'.
src/pages/CallingList.tsx(720,18): error TS2304: Cannot find name 'Grid'.
src/pages/CallingList.tsx(723,19): error TS2304: Cannot find name 'Grid'.
src/pages/CallingList.tsx(724,18): error TS2304: Cannot find name 'Grid'.
src/pages/CallingList.tsx(727,19): error TS2304: Cannot find name 'Grid'.
src/pages/CallingList.tsx(728,17): error TS2304: Cannot find name 'Grid'.
